# python3 tests.py > tests.log
Testing "234761640930110349378289194", expected 5 got 5. SUCCESS
Testing "03050403020309060707070708", expected 10 got 10. SUCCESS
Testing "3", expected 0 got 0. SUCCESS
Testing "2347", expected 2 got 2. SUCCESS
Testing "23478", expected 2 got 2. SUCCESS


Test failures: 0 
